C166 COMPILER V7.53.0.0, SETTINGS                                                          03/16/2017 11:03:17 PAGE 1   


C166 COMPILER V7.53.0.0, COMPILATION OF MODULE SETTINGS
OBJECT MODULE PLACED IN settings.OBJ
COMPILER INVOKED BY: C:\Keil\C166\BIN\C166.EXE settings.c BROWSE MOD167 DEBUG TABS(2) 

 stmt lvl     source

    1         #include "settings.h"
    2         #include "flash.h"
    3         
    4         tSettings MainSettings;
    5         
    6         void  SETTINGS_Init()
    7         {
    8  1      
    9  1        if(!SETTINGS_Load())
   10  1        {
   11  2          SETTINGS_Default();
   12  2          SETTINGS_Save();
   13  2      
   14  2        }
   15  1      }
   16         
   17         void  SETTINGS_Default()
   18         {
   19  1        int i = 0;
   20  1      
   21  1        MainSettings.pulsePwrPeriod = 100;  
   22  1        MainSettings.pulseDuration = 100;
   23  1        MainSettings.modeValue = 1;
   24  1        //MainSettings.rangeValue = 0;
   25  1        
   26  1        for(i = 0;i<RANGES_COUNT;i++){
   27  2          MainSettings.mSliderSize[i] = 10;
   28  2          
   29  2        }
   30  1        MainSettings.mDeadTime[0] = 0.0004f;
   31  1        MainSettings.mDeadTime[1] = 0.0002f;
   32  1        MainSettings.mDeadTime[2] = 0.0002f;
   33  1        
   34  1        MainSettings.fSensCounters[0] = 1405;
   35  1        MainSettings.fSensCounters[1] = 383;
   36  1        MainSettings.fSensCounters[2] = 1.26f;  
   37  1        
   38  1        MainSettings.range1to2Value = 1780;
   39  1        MainSettings.range2to3Value = 4350;
   40  1        MainSettings.range3maxValue = 3600;
   41  1        MainSettings.range3to2Value = 45;
   42  1        MainSettings.range2to1Value = 850;
   43  1        
   44  1        for(i = 0;i<FACTORS_COUNT;i++)
   45  1          MainSettings.correctionFactors[i] = 1.5f;
   46  1        
   47  1        //MainSettings.timeSpan = 10;
   48  1      }
   49         
   50         void  SETTINGS_Save()
   51         {
   52  1        int i = 0,addr_counter = 0;
   53  1        
   54  1         uint16  *pSettings = (tSettings*)&MainSettings;
   55  1         uint16 sizeSettings = sizeof(MainSettings);
C166 COMPILER V7.53.0.0, SETTINGS                                                          03/16/2017 11:03:17 PAGE 2   

   56  1        
   57  1         uint16 chkSum = 0;
   58  1        
   59  1         for(i = 0;i<sizeSettings >> 1;i++)
   60  1            chkSum += *(pSettings + i);
   61  1        
   62  1        FLASH_EraseSector(0x22000);
   63  1        FLASH_FSRControl();
   64  1        
   65  1        FLASH_WriteWord(0x22000,chkSum);
   66  1        FLASH_FSRControl();
   67  1        
   68  1        for(i = 0;i<sizeSettings;i+=2)
   69  1        {
   70  2          FLASH_WriteWord(0x22002 + i,*(pSettings + addr_counter));
   71  2          FLASH_FSRControl();
   72  2          
   73  2      
   74  2          addr_counter++;
   75  2        }
   76  1      }
   77         uint8 SETTINGS_Load()
   78         {
   79  1        int i = 0;
   80  1        unsigned int far *addressChkSum = (unsigned int far *) 0x022000;
   81  1        unsigned int far *addressData = (unsigned int far *) 0x022002;
   82  1        
   83  1        uint16  *pSettings = (tSettings*)&MainSettings;
   84  1        uint16  dataSize = sizeof(MainSettings);
   85  1        uint16  chkSum = 0;
   86  1        
   87  1        for(i = 0;i<dataSize >> 1;i++){
   88  2          chkSum += *(addressData + i);
   89  2      
   90  2        }
   91  1      
   92  1        if(chkSum != *addressChkSum)
   93  1          return 0;
   94  1        
   95  1        
   96  1        for(i = 0;i<dataSize >> 1;i++){
   97  2          *(pSettings + i) = *(addressData + i);
   98  2          
   99  2        }
  100  1        return 1;
  101  1      }


MODULE INFORMATION:   INITIALIZED  UNINITIALIZED
  CODE SIZE        =         412     --------
  NEAR-CONST SIZE  =    --------     --------
  FAR-CONST SIZE   =    --------     --------
  HUGE-CONST SIZE  =    --------     --------
  XHUGE-CONST SIZE =    --------     --------
  NEAR-DATA SIZE   =          74     --------
  FAR-DATA SIZE    =    --------     --------
  XHUGE-DATA SIZE  =    --------     --------
  IDATA-DATA SIZE  =    --------     --------
  SDATA-DATA SIZE  =    --------     --------
  BDATA-DATA SIZE  =    --------     --------
  HUGE-DATA SIZE   =    --------     --------
  BIT SIZE         =    --------     --------
C166 COMPILER V7.53.0.0, SETTINGS                                                          03/16/2017 11:03:17 PAGE 3   

  INIT'L SIZE      =    --------     --------
END OF MODULE INFORMATION.


C166 COMPILATION COMPLETE.  0 WARNING(S),  0 ERROR(S)
